<?php return array (
  0 => 'Symfony\\Bundle\\FrameworkBundle\\Controller\\AbstractController',
  1 => 'Symfony\\Bundle\\FrameworkBundle\\Controller\\Controller',
  2 => 'Contao\\CoreBundle\\Controller\\BackendController',
  3 => 'Contao\\CoreBundle\\Controller\\BackendCsvImportController',
  4 => 'Contao\\CoreBundle\\Controller\\FrontendController',
  5 => 'Contao\\CoreBundle\\Controller\\InitializeController',
  6 => 'Contao\\CoreBundle\\Controller\\InsertTagsController',
  7 => 'Contao\\InstallationBundle\\Controller\\InstallationController',
  8 => 'Doctrine\\Bundle\\DoctrineBundle\\Controller\\ProfilerController',
  9 => 'Nelmio\\SecurityBundle\\Controller\\ContentSecurityPolicyController',
  12 => 'Symfony\\Bundle\\FrameworkBundle\\Controller\\ControllerNameParser',
  13 => 'Symfony\\Bundle\\FrameworkBundle\\Controller\\ControllerResolver',
  14 => 'Symfony\\Bundle\\FrameworkBundle\\Controller\\ControllerTrait',
  15 => 'Symfony\\Bundle\\FrameworkBundle\\Controller\\RedirectController',
  16 => 'Symfony\\Bundle\\FrameworkBundle\\Controller\\TemplateController',
  17 => 'Symfony\\Bundle\\TwigBundle\\Controller\\ExceptionController',
  18 => 'Symfony\\Bundle\\TwigBundle\\Controller\\PreviewErrorController',
  19 => 'Symfony\\Bundle\\WebProfilerBundle\\Controller\\ExceptionController',
  20 => 'Symfony\\Bundle\\WebProfilerBundle\\Controller\\ProfilerController',
  21 => 'Symfony\\Bundle\\WebProfilerBundle\\Controller\\RouterController',
  22 => 'Symfony\\Component\\HttpKernel\\Controller\\ArgumentResolver',
  23 => 'Symfony\\Component\\HttpKernel\\Controller\\ArgumentResolverInterface',
  24 => 'Symfony\\Component\\HttpKernel\\Controller\\ArgumentResolver\\DefaultValueResolver',
  25 => 'Symfony\\Component\\HttpKernel\\Controller\\ArgumentResolver\\RequestAttributeValueResolver',
  26 => 'Symfony\\Component\\HttpKernel\\Controller\\ArgumentResolver\\RequestValueResolver',
  27 => 'Symfony\\Component\\HttpKernel\\Controller\\ArgumentResolver\\ServiceValueResolver',
  28 => 'Symfony\\Component\\HttpKernel\\Controller\\ArgumentResolver\\SessionValueResolver',
  29 => 'Symfony\\Component\\HttpKernel\\Controller\\ArgumentResolver\\VariadicValueResolver',
  30 => 'Symfony\\Component\\HttpKernel\\Controller\\ArgumentValueResolverInterface',
  31 => 'Symfony\\Component\\HttpKernel\\Controller\\ContainerControllerResolver',
  32 => 'Symfony\\Component\\HttpKernel\\Controller\\ControllerReference',
  33 => 'Symfony\\Component\\HttpKernel\\Controller\\ControllerResolver',
  34 => 'Symfony\\Component\\HttpKernel\\Controller\\ControllerResolverInterface',
  35 => 'Symfony\\Component\\HttpKernel\\Controller\\TraceableArgumentResolver',
  36 => 'Symfony\\Component\\HttpKernel\\Controller\\TraceableControllerResolver',
);